[nysexerc.com/index.html]
[backblue.gif]
[fade.gif]
[index.html]
[nysexerc.com/wp-content/uploads/2023/10/ny-logo.png]
[nysexerc.com/feed/index.html]
[nysexerc.com/comments/feed/index.html]
[nysexerc.com/wp-includes/js/jquery/jquery.minf43b.js]
[nysexerc.com/wp-includes/js/jquery/jquery-migrate.min5589.js]
[nysexerc.com/wp-json/wp/v2/pages/7.json]
[nysexerc.com/wp-json/index.html]
[nysexerc.com/xmlrpc0db0.php]
[nysexerc.com/wp-json/oembed/1.0/embed6e7c.json]
[nysexerc.com/wp-json/oembed/1.0/embed1ef3]
[nysexerc.com/wp-content/themes/Avada/includes/lib/assets/fonts/icomoon/awb-icons.woff]
[nysexerc.com/wp-content/themes/Avada/includes/lib/assets/fonts/fontawesome/webfonts/fa-brands-400.woff2]
[nysexerc.com/wp-content/themes/Avada/includes/lib/assets/fonts/fontawesome/webfonts/fa-regular-400.woff2]
[nysexerc.com/wp-content/themes/Avada/includes/lib/assets/fonts/fontawesome/webfonts/fa-solid-900.woff2]
[nysexerc.com/wp-content/uploads/2023/10/Market-Loop-Background-Video-High-Resolution.mp4]
[nysexerc.com/author/admin/index.html]
[nysexerc.com/wp-content/uploads/2023/10/logo-2.png]
[nysexerc.com/wp-content/uploads/2023/10/im-2.png]
[nysexerc.com/wp-content/uploads/2023/09/scan-w.png]
[nysexerc.com/wp-content/uploads/2023/09/dex.png]
[nysexerc.com/wp-content/uploads/2023/09/632a72294d9fe9e80ec84a17_4uvqjvzw.png]
[nysexerc.com/wp-content/uploads/2023/09/632a728bd242c2e08fcb1ca0_7ukqlhlw.png]
[nysexerc.com/_https_/nysexerc.com/wp-content/uploads/2023/10/im-5.png]
[nysexerc.com/wp-content/uploads/2023/10/im-3.png]
[nysexerc.com/wp-content/uploads/2023/10/video_2023-10-04_00-08-09.mp4]
[nysexerc.com/wp-content/uploads/2023/10/tokenomics.png]
[nysexerc.com/wp-content/uploads/2023/10/supply.png]
[nysexerc.com/wp-content/uploads/2023/10/name.png]
[nysexerc.com/wp-content/uploads/2023/10/symbol.png]
[nysexerc.com/wp-content/uploads/2023/10/im-1.png]
[nysexerc.com/wp-content/uploads/2023/10/im-4.png]
[nysexerc.com/wp-content/uploads/fusion-scripts/570506d85c4f04fe0f14a8668c1133e4.min039c.js]
[nysexerc.com/index.html]
[nysexerc.com/wp-includes/css/dist/block-library/style.min84fc.css]
[nysexerc.com/wp-content/themes/Avada-Child-Theme/style84fc.css]
[nysexerc.com/wp-content/themes/Avada/assets/images/patterns/pattern1.png]
[nysexerc.com/wp-content/themes/Avada/includes/lib/assets/fonts/icomoon/awb-icons.ttf]
[nysexerc.com/wp-content/themes/Avada/includes/lib/assets/fonts/fontawesome/webfonts/fa-brands-400.eot]
[nysexerc.com/wp-content/uploads/fusion-styles/531843646cdf65a2c62f3a3051a974b5.min039c.css]
[nysexerc.com/author/admin/feed/index.html]
[nysexerc.com/wp-json/wp/v2/users/1.json]
[nysexerc.com/category/uncategorized/index.html]
[nysexerc.com/wp-content/uploads/fusion-scripts/146d56468d7599b3a5cec3a144aaf5c0.min039c.js]
[nysexerc.com/author/admin/index.html]
[nysexerc.com/_https_/nysexerc.com/wp-content/uploads/2023/10/im-5.html]
[nysexerc.com/wp-content/themes/Avada/includes/lib/assets/fonts/icomoon/awb-icons.svg]
[nysexerc.com/wp-content/plugins/fusion-builder/assets/images/iLightbox/closedhand.html]
[nysexerc.com/wp-content/uploads/fusion-styles/4f2d14fcedf5e052b87ca62c8678e583.min039c.css]
[nysexerc.com/2023/09/10/hello-world/index.html]
[nysexerc.com/2023/09/10/hello-world/feed/index.html]
[nysexerc.com/wp-json/wp/v2/posts/1.json]
[nysexerc.com/wp-json/oembed/1.0/embed3e14.json]
[nysexerc.com/wp-json/oembed/1.0/embed95bb]
[nysexerc.com/wp-includes/js/comment-reply.min84fc.js]
[nysexerc.com/wp-content/uploads/fusion-scripts/a1fee959ef43e83ebd9804ddf53407a7.min039c.js]
[nysexerc.com/2023/09/10/hello-world/index.html]
[nysexerc.com/2023/09/10/hello-world/index6809.html]
[nysexerc.com/wp-json/wp/v2/categories/1.json]
[nysexerc.com/category/uncategorized/index.html]
[nysexerc.com/wp-content/uploads/fusion-styles/be4eb2ae8e70412e43ecd41d4249e748.min039c.css]
[nysexerc.com/indexcff1.html]
[nysexerc.com/2023/09/10/hello-world/index6809.html]
[nysexerc.com/category/uncategorized/feed/index.html]
